// Vitest Snapshot v1, https://vitest.dev/guide/snapshot.html

exports[`Admin Table > Should render admin table 1`] = `
<div>
  <!---->
  <table
    id="fifthTable"
  >
    <thead>
      <tr>
        <th>
          Country
        </th>
        <th>
          Status
        </th>
        <th>
          <span>
            URL
          </span>
        </th>
        <!---->
      </tr>
    </thead>
    <tbody>
      <tr>
        <td>
           India 
        </td>
        <td>
           NEW 
        </td>
        <td>
          
        </td>
        <!---->
      </tr>
      <tr>
        <td>
           Australia 
        </td>
        <td>
           NEW 
        </td>
        <td>
          
        </td>
        <!---->
      </tr>
    </tbody>
  </table>
</div>
`;
